[INFO] Scanning for projects...
[INFO] 
[INFO] -------------------------< com.project:sipms >--------------------------
[INFO] Building SIPMS 1.0.0
[INFO]   from pom.xml
[INFO] --------------------------------[ jar ]---------------------------------
[INFO] 
[INFO] --- clean:3.3.2:clean (default-clean) @ sipms ---
[INFO] Deleting C:\SIPMS\backend\target
[INFO] 
[INFO] --- resources:3.3.1:resources (default-resources) @ sipms ---
[INFO] Copying 2 resources from src\main\resources to target\classes
[INFO] Copying 0 resource from src\main\resources to target\classes
[INFO] 
[INFO] --- compiler:3.13.0:compile (default-compile) @ sipms ---
[INFO] Recompiling the module because of changed source code.
[INFO] Compiling 88 source files with javac [debug parameters release 17] to target\classes
[INFO] -------------------------------------------------------------
[WARNING] COMPILATION WARNING : 
[INFO] -------------------------------------------------------------
[WARNING] /C:/SIPMS/backend/src/main/java/com/project/sipms/entity/Application.java:[34,31] @Builder will ignore the initializing expression entirely. If you want the initializing expression to serve as default, add @Builder.Default. If it is not supposed to be settable during building, make the field final.
[WARNING] /C:/SIPMS/backend/src/main/java/com/project/sipms/entity/Application.java:[38,26] @Builder will ignore the initializing expression entirely. If you want the initializing expression to serve as default, add @Builder.Default. If it is not supposed to be settable during building, make the field final.
[WARNING] /C:/SIPMS/backend/src/main/java/com/project/sipms/entity/User.java:[40,21] @Builder will ignore the initializing expression entirely. If you want the initializing expression to serve as default, add @Builder.Default. If it is not supposed to be settable during building, make the field final.
[WARNING] /C:/SIPMS/backend/src/main/java/com/project/sipms/entity/User.java:[54,23] @Builder will ignore the initializing expression entirely. If you want the initializing expression to serve as default, add @Builder.Default. If it is not supposed to be settable during building, make the field final.
[WARNING] /C:/SIPMS/backend/src/main/java/com/project/sipms/entity/Document.java:[37,26] @Builder will ignore the initializing expression entirely. If you want the initializing expression to serve as default, add @Builder.Default. If it is not supposed to be settable during building, make the field final.
[WARNING] /C:/SIPMS/backend/src/main/java/com/project/sipms/entity/Project.java:[41,27] @Builder will ignore the initializing expression entirely. If you want the initializing expression to serve as default, add @Builder.Default. If it is not supposed to be settable during building, make the field final.
[WARNING] /C:/SIPMS/backend/src/main/java/com/project/sipms/entity/Supervisor.java:[36,17] @Builder will ignore the initializing expression entirely. If you want the initializing expression to serve as default, add @Builder.Default. If it is not supposed to be settable during building, make the field final.
[WARNING] /C:/SIPMS/backend/src/main/java/com/project/sipms/entity/Supervisor.java:[39,17] @Builder will ignore the initializing expression entirely. If you want the initializing expression to serve as default, add @Builder.Default. If it is not supposed to be settable during building, make the field final.
[WARNING] /C:/SIPMS/backend/src/main/java/com/project/sipms/entity/Supervisor.java:[45,21] @Builder will ignore the initializing expression entirely. If you want the initializing expression to serve as default, add @Builder.Default. If it is not supposed to be settable during building, make the field final.
[WARNING] /C:/SIPMS/backend/src/main/java/com/project/sipms/entity/QuizQuestion.java:[41,17] @Builder will ignore the initializing expression entirely. If you want the initializing expression to serve as default, add @Builder.Default. If it is not supposed to be settable during building, make the field final.
[WARNING] /C:/SIPMS/backend/src/main/java/com/project/sipms/entity/QuizQuestion.java:[44,17] @Builder will ignore the initializing expression entirely. If you want the initializing expression to serve as default, add @Builder.Default. If it is not supposed to be settable during building, make the field final.
[WARNING] /C:/SIPMS/backend/src/main/java/com/project/sipms/entity/Quiz.java:[28,17] @Builder will ignore the initializing expression entirely. If you want the initializing expression to serve as default, add @Builder.Default. If it is not supposed to be settable during building, make the field final.
[WARNING] /C:/SIPMS/backend/src/main/java/com/project/sipms/entity/Quiz.java:[31,17] @Builder will ignore the initializing expression entirely. If you want the initializing expression to serve as default, add @Builder.Default. If it is not supposed to be settable during building, make the field final.
[WARNING] /C:/SIPMS/backend/src/main/java/com/project/sipms/entity/Quiz.java:[34,17] @Builder will ignore the initializing expression entirely. If you want the initializing expression to serve as default, add @Builder.Default. If it is not supposed to be settable during building, make the field final.
[WARNING] /C:/SIPMS/backend/src/main/java/com/project/sipms/entity/Quiz.java:[37,21] @Builder will ignore the initializing expression entirely. If you want the initializing expression to serve as default, add @Builder.Default. If it is not supposed to be settable during building, make the field final.
[WARNING] /C:/SIPMS/backend/src/main/java/com/project/sipms/entity/Notification.java:[31,30] @Builder will ignore the initializing expression entirely. If you want the initializing expression to serve as default, add @Builder.Default. If it is not supposed to be settable during building, make the field final.
[WARNING] /C:/SIPMS/backend/src/main/java/com/project/sipms/entity/Notification.java:[34,21] @Builder will ignore the initializing expression entirely. If you want the initializing expression to serve as default, add @Builder.Default. If it is not supposed to be settable during building, make the field final.
[INFO] 17 warnings 
[INFO] -------------------------------------------------------------
[INFO] -------------------------------------------------------------
[ERROR] COMPILATION ERROR : 
[INFO] -------------------------------------------------------------
[ERROR] /C:/SIPMS/backend/src/main/java/com/project/sipms/ai/service/RecommendationEngineService.java:[61,56] cannot find symbol
  symbol:   method getRequiredSkills()
  location: variable project of type com.project.sipms.entity.Project
[INFO] 1 error
[INFO] -------------------------------------------------------------
[INFO] ------------------------------------------------------------------------
[INFO] BUILD FAILURE
[INFO] ------------------------------------------------------------------------
[INFO] Total time:  7.787 s
[INFO] Finished at: 2026-05-04T10:55:51+01:00
[INFO] ------------------------------------------------------------------------
[ERROR] Failed to execute goal org.apache.maven.plugins:maven-compiler-plugin:3.13.0:compile (default-compile) on project sipms: Compilation failure
[ERROR] /C:/SIPMS/backend/src/main/java/com/project/sipms/ai/service/RecommendationEngineService.java:[61,56] cannot find symbol
[ERROR]   symbol:   method getRequiredSkills()
[ERROR]   location: variable project of type com.project.sipms.entity.Project
[ERROR] 
[ERROR] -> [Help 1]
[ERROR] 
[ERROR] To see the full stack trace of the errors, re-run Maven with the -e switch.
[ERROR] Re-run Maven using the -X switch to enable full debug logging.
[ERROR] 
[ERROR] For more information about the errors and possible solutions, please read the following articles:
[ERROR] [Help 1] http://cwiki.apache.org/confluence/display/MAVEN/MojoFailureException
